// Jest Snapshot v1, https://goo.gl/fbAQLP

exports[`sortedCodeBlocks 1`] = `
Array [
  Object {
    "code": "(a, b) => a + b",
    "execInputs": Array [],
    "execOutputs": Array [],
    "id": "ac",
    "inputs": Array [
      Object {
        "defaultValue": null,
        "id": "test/a",
        "name": "a",
        "type": "number",
      },
      Object {
        "defaultValue": null,
        "id": "test/b",
        "name": "b",
        "type": "number",
      },
    ],
    "name": "ac",
    "returns": Object {
      "defaultValue": null,
      "id": "test/returns",
      "name": "",
      "type": "number",
    },
    "runOnStart": false,
    "values": Array [],
  },
  Object {
    "code": "(a, b) => a + b",
    "execInputs": Array [],
    "execOutputs": Array [],
    "id": "asef",
    "inputs": Array [
      Object {
        "defaultValue": null,
        "id": "test/a",
        "name": "a",
        "type": "number",
      },
      Object {
        "defaultValue": null,
        "id": "test/b",
        "name": "b",
        "type": "number",
      },
    ],
    "name": "asef",
    "returns": Object {
      "defaultValue": null,
      "id": "test/returns",
      "name": "",
      "type": "number",
    },
    "runOnStart": false,
    "values": Array [],
  },
  Object {
    "code": "(a, b) => a + b",
    "execInputs": Array [],
    "execOutputs": Array [],
    "id": "ba",
    "inputs": Array [
      Object {
        "defaultValue": null,
        "id": "test/a",
        "name": "a",
        "type": "number",
      },
      Object {
        "defaultValue": null,
        "id": "test/b",
        "name": "b",
        "type": "number",
      },
    ],
    "name": "ba",
    "returns": Object {
      "defaultValue": null,
      "id": "test/returns",
      "name": "",
      "type": "number",
    },
    "runOnStart": false,
    "values": Array [],
  },
  Object {
    "code": "(a, b) => a + b",
    "execInputs": Array [],
    "execOutputs": Array [],
    "id": "ce3",
    "inputs": Array [
      Object {
        "defaultValue": null,
        "id": "test/a",
        "name": "a",
        "type": "number",
      },
      Object {
        "defaultValue": null,
        "id": "test/b",
        "name": "b",
        "type": "number",
      },
    ],
    "name": "ce3",
    "returns": Object {
      "defaultValue": null,
      "id": "test/returns",
      "name": "",
      "type": "number",
    },
    "runOnStart": false,
    "values": Array [],
  },
  Object {
    "code": "(a, b) => a + b",
    "execInputs": Array [],
    "execOutputs": Array [],
    "id": "cef",
    "inputs": Array [
      Object {
        "defaultValue": null,
        "id": "test/a",
        "name": "a",
        "type": "number",
      },
      Object {
        "defaultValue": null,
        "id": "test/b",
        "name": "b",
        "type": "number",
      },
    ],
    "name": "cef",
    "returns": Object {
      "defaultValue": null,
      "id": "test/returns",
      "name": "",
      "type": "number",
    },
    "runOnStart": false,
    "values": Array [],
  },
  Object {
    "code": "(a, b) => a + b",
    "execInputs": Array [],
    "execOutputs": Array [],
    "id": "d",
    "inputs": Array [
      Object {
        "defaultValue": null,
        "id": "test/a",
        "name": "a",
        "type": "number",
      },
      Object {
        "defaultValue": null,
        "id": "test/b",
        "name": "b",
        "type": "number",
      },
    ],
    "name": "d",
    "returns": Object {
      "defaultValue": null,
      "id": "test/returns",
      "name": "",
      "type": "number",
    },
    "runOnStart": false,
    "values": Array [],
  },
  Object {
    "code": "(a, b) => a + b",
    "execInputs": Array [],
    "execOutputs": Array [],
    "id": "dd",
    "inputs": Array [
      Object {
        "defaultValue": null,
        "id": "test/a",
        "name": "a",
        "type": "number",
      },
      Object {
        "defaultValue": null,
        "id": "test/b",
        "name": "b",
        "type": "number",
      },
    ],
    "name": "dd",
    "returns": Object {
      "defaultValue": null,
      "id": "test/returns",
      "name": "",
      "type": "number",
    },
    "runOnStart": false,
    "values": Array [],
  },
  Object {
    "code": "(a, b) => a + b",
    "execInputs": Array [],
    "execOutputs": Array [],
    "id": "esv",
    "inputs": Array [
      Object {
        "defaultValue": null,
        "id": "test/a",
        "name": "a",
        "type": "number",
      },
      Object {
        "defaultValue": null,
        "id": "test/b",
        "name": "b",
        "type": "number",
      },
    ],
    "name": "esv",
    "returns": Object {
      "defaultValue": null,
      "id": "test/returns",
      "name": "",
      "type": "number",
    },
    "runOnStart": false,
    "values": Array [],
  },
  Object {
    "code": "(a, b) => a + b",
    "execInputs": Array [],
    "execOutputs": Array [],
    "id": "zzz",
    "inputs": Array [
      Object {
        "defaultValue": null,
        "id": "test/a",
        "name": "a",
        "type": "number",
      },
      Object {
        "defaultValue": null,
        "id": "test/b",
        "name": "b",
        "type": "number",
      },
    ],
    "name": "zzz",
    "returns": Object {
      "defaultValue": null,
      "id": "test/returns",
      "name": "",
      "type": "number",
    },
    "runOnStart": false,
    "values": Array [],
  },
]
`;
