// Jest Snapshot v1, https://goo.gl/fbAQLP

exports[`addArrow: execInput,execInput 1`] = `false`;

exports[`addArrow: execInput,execOutput 1`] = `true`;

exports[`addArrow: execInput,input 1`] = `false`;

exports[`addArrow: execInput,output 1`] = `false`;

exports[`addArrow: execOutput,execInput 1`] = `true`;

exports[`addArrow: execOutput,execOutput 1`] = `false`;

exports[`addArrow: execOutput,input 1`] = `false`;

exports[`addArrow: execOutput,output 1`] = `false`;

exports[`addArrow: input,execInput 1`] = `false`;

exports[`addArrow: input,execOutput 1`] = `false`;

exports[`addArrow: input,input 1`] = `false`;

exports[`addArrow: input,output 1`] = `true`;

exports[`addArrow: output,execInput 1`] = `false`;

exports[`addArrow: output,execOutput 1`] = `false`;

exports[`addArrow: output,input 1`] = `true`;

exports[`addArrow: output,output 1`] = `false`;

exports[`hasArrow: execInput,execInput 1`] = `false`;

exports[`hasArrow: execInput,execOutput 1`] = `true`;

exports[`hasArrow: execInput,input 1`] = `false`;

exports[`hasArrow: execInput,output 1`] = `false`;

exports[`hasArrow: execOutput,execInput 1`] = `false`;

exports[`hasArrow: execOutput,execOutput 1`] = `false`;

exports[`hasArrow: execOutput,input 1`] = `false`;

exports[`hasArrow: execOutput,output 1`] = `false`;

exports[`hasArrow: input,execInput 1`] = `false`;

exports[`hasArrow: input,execOutput 1`] = `false`;

exports[`hasArrow: input,input 1`] = `false`;

exports[`hasArrow: input,output 1`] = `true`;

exports[`hasArrow: output,execInput 1`] = `false`;

exports[`hasArrow: output,execOutput 1`] = `false`;

exports[`hasArrow: output,input 1`] = `false`;

exports[`hasArrow: output,output 1`] = `false`;

exports[`height: 0,0,0,0 1`] = `50`;

exports[`height: 0,0,0,1 1`] = `80`;

exports[`height: 0,0,0,2 1`] = `110`;

exports[`height: 0,0,1,0 1`] = `80`;

exports[`height: 0,0,1,1 1`] = `80`;

exports[`height: 0,0,1,2 1`] = `110`;

exports[`height: 0,0,2,0 1`] = `110`;

exports[`height: 0,0,2,1 1`] = `110`;

exports[`height: 0,0,2,2 1`] = `110`;

exports[`height: 0,1,0,0 1`] = `80`;

exports[`height: 0,1,0,1 1`] = `110`;

exports[`height: 0,1,0,2 1`] = `140`;

exports[`height: 0,1,1,0 1`] = `80`;

exports[`height: 0,1,1,1 1`] = `110`;

exports[`height: 0,1,1,2 1`] = `140`;

exports[`height: 0,1,2,0 1`] = `110`;

exports[`height: 0,1,2,1 1`] = `110`;

exports[`height: 0,1,2,2 1`] = `140`;

exports[`height: 0,2,0,0 1`] = `110`;

exports[`height: 0,2,0,1 1`] = `140`;

exports[`height: 0,2,0,2 1`] = `170`;

exports[`height: 0,2,1,0 1`] = `110`;

exports[`height: 0,2,1,1 1`] = `140`;

exports[`height: 0,2,1,2 1`] = `170`;

exports[`height: 0,2,2,0 1`] = `110`;

exports[`height: 0,2,2,1 1`] = `140`;

exports[`height: 0,2,2,2 1`] = `170`;

exports[`height: 1,0,0,0 1`] = `80`;

exports[`height: 1,0,0,1 1`] = `80`;

exports[`height: 1,0,0,2 1`] = `110`;

exports[`height: 1,0,1,0 1`] = `110`;

exports[`height: 1,0,1,1 1`] = `110`;

exports[`height: 1,0,1,2 1`] = `110`;

exports[`height: 1,0,2,0 1`] = `140`;

exports[`height: 1,0,2,1 1`] = `140`;

exports[`height: 1,0,2,2 1`] = `140`;

exports[`height: 1,1,0,0 1`] = `80`;

exports[`height: 1,1,0,1 1`] = `110`;

exports[`height: 1,1,0,2 1`] = `140`;

exports[`height: 1,1,1,0 1`] = `110`;

exports[`height: 1,1,1,1 1`] = `110`;

exports[`height: 1,1,1,2 1`] = `140`;

exports[`height: 1,1,2,0 1`] = `140`;

exports[`height: 1,1,2,1 1`] = `140`;

exports[`height: 1,1,2,2 1`] = `140`;

exports[`height: 1,2,0,0 1`] = `110`;

exports[`height: 1,2,0,1 1`] = `140`;

exports[`height: 1,2,0,2 1`] = `170`;

exports[`height: 1,2,1,0 1`] = `110`;

exports[`height: 1,2,1,1 1`] = `140`;

exports[`height: 1,2,1,2 1`] = `170`;

exports[`height: 1,2,2,0 1`] = `140`;

exports[`height: 1,2,2,1 1`] = `140`;

exports[`height: 1,2,2,2 1`] = `170`;

exports[`height: 2,0,0,0 1`] = `110`;

exports[`height: 2,0,0,1 1`] = `110`;

exports[`height: 2,0,0,2 1`] = `110`;

exports[`height: 2,0,1,0 1`] = `140`;

exports[`height: 2,0,1,1 1`] = `140`;

exports[`height: 2,0,1,2 1`] = `140`;

exports[`height: 2,0,2,0 1`] = `170`;

exports[`height: 2,0,2,1 1`] = `170`;

exports[`height: 2,0,2,2 1`] = `170`;

exports[`height: 2,1,0,0 1`] = `110`;

exports[`height: 2,1,0,1 1`] = `110`;

exports[`height: 2,1,0,2 1`] = `140`;

exports[`height: 2,1,1,0 1`] = `140`;

exports[`height: 2,1,1,1 1`] = `140`;

exports[`height: 2,1,1,2 1`] = `140`;

exports[`height: 2,1,2,0 1`] = `170`;

exports[`height: 2,1,2,1 1`] = `170`;

exports[`height: 2,1,2,2 1`] = `170`;

exports[`height: 2,2,0,0 1`] = `110`;

exports[`height: 2,2,0,1 1`] = `140`;

exports[`height: 2,2,0,2 1`] = `170`;

exports[`height: 2,2,1,0 1`] = `140`;

exports[`height: 2,2,1,1 1`] = `140`;

exports[`height: 2,2,1,2 1`] = `170`;

exports[`height: 2,2,2,0 1`] = `170`;

exports[`height: 2,2,2,1 1`] = `170`;

exports[`height: 2,2,2,2 1`] = `170`;

exports[`move 1`] = `
Object {
  "_id": "test",
  "code": "cbId",
  "name": "hal",
  "sockets": Array [],
  "type": "Box",
  "value": null,
  "width": 150,
  "x": 1,
  "y": 2,
}
`;

exports[`move 2`] = `
Object {
  "_id": "test",
  "code": "cbId",
  "name": "hal",
  "sockets": Array [],
  "type": "Box",
  "value": null,
  "width": 150,
  "x": 2,
  "y": 4,
}
`;

exports[`sortedCodeBlocks 1`] = `
Array [
  Object {
    "code": "(a, b) => a + b",
    "execInputs": Array [],
    "execOutputs": Array [],
    "id": "ac",
    "inputs": Array [
      Object {
        "name": "a",
        "type": "number",
      },
      Object {
        "name": "b",
        "type": "number",
      },
    ],
    "name": "ac",
    "returns": "number",
    "runOnStart": false,
  },
  Object {
    "code": "(a, b) => a + b",
    "execInputs": Array [],
    "execOutputs": Array [],
    "id": "asef",
    "inputs": Array [
      Object {
        "name": "a",
        "type": "number",
      },
      Object {
        "name": "b",
        "type": "number",
      },
    ],
    "name": "asef",
    "returns": "number",
    "runOnStart": false,
  },
  Object {
    "code": "(a, b) => a + b",
    "execInputs": Array [],
    "execOutputs": Array [],
    "id": "ba",
    "inputs": Array [
      Object {
        "name": "a",
        "type": "number",
      },
      Object {
        "name": "b",
        "type": "number",
      },
    ],
    "name": "ba",
    "returns": "number",
    "runOnStart": false,
  },
  Object {
    "code": "(a, b) => a + b",
    "execInputs": Array [],
    "execOutputs": Array [],
    "id": "ce3",
    "inputs": Array [
      Object {
        "name": "a",
        "type": "number",
      },
      Object {
        "name": "b",
        "type": "number",
      },
    ],
    "name": "ce3",
    "returns": "number",
    "runOnStart": false,
  },
  Object {
    "code": "(a, b) => a + b",
    "execInputs": Array [],
    "execOutputs": Array [],
    "id": "cef",
    "inputs": Array [
      Object {
        "name": "a",
        "type": "number",
      },
      Object {
        "name": "b",
        "type": "number",
      },
    ],
    "name": "cef",
    "returns": "number",
    "runOnStart": false,
  },
  Object {
    "code": "(a, b) => a + b",
    "execInputs": Array [],
    "execOutputs": Array [],
    "id": "d",
    "inputs": Array [
      Object {
        "name": "a",
        "type": "number",
      },
      Object {
        "name": "b",
        "type": "number",
      },
    ],
    "name": "d",
    "returns": "number",
    "runOnStart": false,
  },
  Object {
    "code": "(a, b) => a + b",
    "execInputs": Array [],
    "execOutputs": Array [],
    "id": "dd",
    "inputs": Array [
      Object {
        "name": "a",
        "type": "number",
      },
      Object {
        "name": "b",
        "type": "number",
      },
    ],
    "name": "dd",
    "returns": "number",
    "runOnStart": false,
  },
  Object {
    "code": "(a, b) => a + b",
    "execInputs": Array [],
    "execOutputs": Array [],
    "id": "esv",
    "inputs": Array [
      Object {
        "name": "a",
        "type": "number",
      },
      Object {
        "name": "b",
        "type": "number",
      },
    ],
    "name": "esv",
    "returns": "number",
    "runOnStart": false,
  },
  Object {
    "code": "(a, b) => a + b",
    "execInputs": Array [],
    "execOutputs": Array [],
    "id": "zzz",
    "inputs": Array [
      Object {
        "name": "a",
        "type": "number",
      },
      Object {
        "name": "b",
        "type": "number",
      },
    ],
    "name": "zzz",
    "returns": "number",
    "runOnStart": false,
  },
]
`;
